Archive member included to satisfy reference by file (symbol)

C:/ST/STM32CubeIDE_1.17.0/STM32CubeIDE/plugins/com.st.stm32cube.ide.mcu.externaltools.gnu-tools-for-stm32.12.3.rel1.win32_1.1.0.202410251130/tools/bin/../lib/gcc/arm-none-eabi/12.3.1/../../../../arm-none-eabi/lib/thumb/v7e-m/nofp\libc_nano.a(libc_a-exit.o)
                              C:/ST/STM32CubeIDE_1.17.0/STM32CubeIDE/plugins/com.st.stm32cube.ide.mcu.externaltools.gnu-tools-for-stm32.12.3.rel1.win32_1.1.0.202410251130/tools/bin/../lib/gcc/arm-none-eabi/12.3.1/../../../../arm-none-eabi/lib/thumb/v7e-m/nofp/crt0.o (exit)
C:/ST/STM32CubeIDE_1.17.0/STM32CubeIDE/plugins/com.st.stm32cube.ide.mcu.externaltools.gnu-tools-for-stm32.12.3.rel1.win32_1.1.0.202410251130/tools/bin/../lib/gcc/arm-none-eabi/12.3.1/../../../../arm-none-eabi/lib/thumb/v7e-m/nofp\libc_nano.a(libc_a-findfp.o)
                              C:/ST/STM32CubeIDE_1.17.0/STM32CubeIDE/plugins/com.st.stm32cube.ide.mcu.externaltools.gnu-tools-for-stm32.12.3.rel1.win32_1.1.0.202410251130/tools/bin/../lib/gcc/arm-none-eabi/12.3.1/../../../../arm-none-eabi/lib/thumb/v7e-m/nofp\libc_nano.a(libc_a-exit.o) (__stdio_exit_handler)
C:/ST/STM32CubeIDE_1.17.0/STM32CubeIDE/plugins/com.st.stm32cube.ide.mcu.externaltools.gnu-tools-for-stm32.12.3.rel1.win32_1.1.0.202410251130/tools/bin/../lib/gcc/arm-none-eabi/12.3.1/../../../../arm-none-eabi/lib/thumb/v7e-m/nofp\libc_nano.a(libc_a-fwalk.o)
                              C:/ST/STM32CubeIDE_1.17.0/STM32CubeIDE/plugins/com.st.stm32cube.ide.mcu.externaltools.gnu-tools-for-stm32.12.3.rel1.win32_1.1.0.202410251130/tools/bin/../lib/gcc/arm-none-eabi/12.3.1/../../../../arm-none-eabi/lib/thumb/v7e-m/nofp\libc_nano.a(libc_a-findfp.o) (_fwalk_sglue)
C:/ST/STM32CubeIDE_1.17.0/STM32CubeIDE/plugins/com.st.stm32cube.ide.mcu.externaltools.gnu-tools-for-stm32.12.3.rel1.win32_1.1.0.202410251130/tools/bin/../lib/gcc/arm-none-eabi/12.3.1/../../../../arm-none-eabi/lib/thumb/v7e-m/nofp\libc_nano.a(libc_a-printf.o)
                              ./drivers/Src/stm32g491re_i2c_driver.o (printf)
C:/ST/STM32CubeIDE_1.17.0/STM32CubeIDE/plugins/com.st.stm32cube.ide.mcu.externaltools.gnu-tools-for-stm32.12.3.rel1.win32_1.1.0.202410251130/tools/bin/../lib/gcc/arm-none-eabi/12.3.1/../../../../arm-none-eabi/lib/thumb/v7e-m/nofp\libc_nano.a(libc_a-puts.o)
                              ./drivers/Src/stm32g491re_i2c_driver.o (puts)
C:/ST/STM32CubeIDE_1.17.0/STM32CubeIDE/plugins/com.st.stm32cube.ide.mcu.externaltools.gnu-tools-for-stm32.12.3.rel1.win32_1.1.0.202410251130/tools/bin/../lib/gcc/arm-none-eabi/12.3.1/../../../../arm-none-eabi/lib/thumb/v7e-m/nofp\libc_nano.a(libc_a-stdio.o)
                              C:/ST/STM32CubeIDE_1.17.0/STM32CubeIDE/plugins/com.st.stm32cube.ide.mcu.externaltools.gnu-tools-for-stm32.12.3.rel1.win32_1.1.0.202410251130/tools/bin/../lib/gcc/arm-none-eabi/12.3.1/../../../../arm-none-eabi/lib/thumb/v7e-m/nofp\libc_nano.a(libc_a-findfp.o) (__sread)
C:/ST/STM32CubeIDE_1.17.0/STM32CubeIDE/plugins/com.st.stm32cube.ide.mcu.externaltools.gnu-tools-for-stm32.12.3.rel1.win32_1.1.0.202410251130/tools/bin/../lib/gcc/arm-none-eabi/12.3.1/../../../../arm-none-eabi/lib/thumb/v7e-m/nofp\libc_nano.a(libc_a-wbuf.o)
                              C:/ST/STM32CubeIDE_1.17.0/STM32CubeIDE/plugins/com.st.stm32cube.ide.mcu.externaltools.gnu-tools-for-stm32.12.3.rel1.win32_1.1.0.202410251130/tools/bin/../lib/gcc/arm-none-eabi/12.3.1/../../../../arm-none-eabi/lib/thumb/v7e-m/nofp\libc_nano.a(libc_a-puts.o) (__swbuf_r)
C:/ST/STM32CubeIDE_1.17.0/STM32CubeIDE/plugins/com.st.stm32cube.ide.mcu.externaltools.gnu-tools-for-stm32.12.3.rel1.win32_1.1.0.202410251130/tools/bin/../lib/gcc/arm-none-eabi/12.3.1/../../../../arm-none-eabi/lib/thumb/v7e-m/nofp\libc_nano.a(libc_a-wsetup.o)
                              C:/ST/STM32CubeIDE_1.17.0/STM32CubeIDE/plugins/com.st.stm32cube.ide.mcu.externaltools.gnu-tools-for-stm32.12.3.rel1.win32_1.1.0.202410251130/tools/bin/../lib/gcc/arm-none-eabi/12.3.1/../../../../arm-none-eabi/lib/thumb/v7e-m/nofp\libc_nano.a(libc_a-puts.o) (__swsetup_r)
C:/ST/STM32CubeIDE_1.17.0/STM32CubeIDE/plugins/com.st.stm32cube.ide.mcu.externaltools.gnu-tools-for-stm32.12.3.rel1.win32_1.1.0.202410251130/tools/bin/../lib/gcc/arm-none-eabi/12.3.1/../../../../arm-none-eabi/lib/thumb/v7e-m/nofp\libc_nano.a(libc_a-memset.o)
                              C:/ST/STM32CubeIDE_1.17.0/STM32CubeIDE/plugins/com.st.stm32cube.ide.mcu.externaltools.gnu-tools-for-stm32.12.3.rel1.win32_1.1.0.202410251130/tools/bin/../lib/gcc/arm-none-eabi/12.3.1/../../../../arm-none-eabi/lib/thumb/v7e-m/nofp/crt0.o (memset)
C:/ST/STM32CubeIDE_1.17.0/STM32CubeIDE/plugins/com.st.stm32cube.ide.mcu.externaltools.gnu-tools-for-stm32.12.3.rel1.win32_1.1.0.202410251130/tools/bin/../lib/gcc/arm-none-eabi/12.3.1/../../../../arm-none-eabi/lib/thumb/v7e-m/nofp\libc_nano.a(libc_a-closer.o)
[...]
Memory Configuration

Name             Origin             Length             Attributes
CCMSRAM          0x10000000         0x00004000         xrw
RAM              0x20000000         0x0001c000         xrw
FLASH            0x08000000         0x00080000         xr
*default*        0x00000000         0xffffffff

Linker script and memory map

LOAD C:/ST/STM32CubeIDE_1.17.0/STM32CubeIDE/plugins/com.st.stm32cube.ide.mcu.externaltools.gnu-tools-for-stm32.12.3.rel1.win32_1.1.0.202410251130/tools/bin/../lib/gcc/arm-none-eabi/12.3.1/thumb/v7e-m/nofp/crti.o
LOAD C:/ST/STM32CubeIDE_1.17.0/STM32CubeIDE/plugins/com.st.stm32cube.ide.mcu.externaltools.gnu-tools-for-stm32.12.3.rel1.win32_1.1.0.202410251130/tools/bin/../lib/gcc/arm-none-eabi/12.3.1/thumb/v7e-m/nofp/crtbegin.o
LOAD C:/ST/STM32CubeIDE_1.17.0/STM32CubeIDE/plugins/com.st.stm32cube.ide.mcu.externaltools.gnu-tools-for-stm32.12.3.rel1.win32_1.1.0.202410251130/tools/bin/../lib/gcc/arm-none-eabi/12.3.1/../../../../arm-none-eabi/lib/thumb/v7e-m/nofp/crt0.o
LOAD ./.metadata/.plugins/org.eclipse.cdt.make.core/specs.o
LOAD ./DS3231/DS3231.o
LOAD ./Src/LED_BUTTON.o
LOAD ./Src/syscalls.o
LOAD ./Src/sysmem.o
LOAD ./Startup/startup_stm32g491retx.o
LOAD ./drivers/Src/stm32g491re_gpio_driver.o
LOAD ./drivers/Src/stm32g491re_i2c_driver.o
LOAD ./drivers/Src/stm32g491re_simple_timer_driver.o
LOAD ./drivers/Src/stm32g491re_spi_driver.o
LOAD ./drivers/Src/stm32g491re_uart.o
START GROUP
LOAD C:/ST/STM32CubeIDE_1.17.0/STM32CubeIDE/plugins/com.st.stm32cube.ide.mcu.externaltools.gnu-tools-for-stm32.12.3.rel1.win32_1.1.0.202410251130/tools/bin/../lib/gcc/arm-none-eabi/12.3.1/../../../../arm-none-eabi/lib/thumb/v7e-m/nofp\libc_nano.a
LOAD C:/ST/STM32CubeIDE_1.17.0/STM32CubeIDE/plugins/com.st.stm32cube.ide.mcu.externaltools.gnu-tools-for-stm32.12.3.rel1.win32_1.1.0.202410251130/tools/bin/../lib/gcc/arm-none-eabi/12.3.1/../../../../arm-none-eabi/lib/thumb/v7e-m/nofp\libm.a
END GROUP
START GROUP
LOAD C:/ST/STM32CubeIDE_1.17.0/STM32CubeIDE/plugins/com.st.stm32cube.ide.mcu.externaltools.gnu-tools-for-stm32.12.3.rel1.win32_1.1.0.202410251130/tools/bin/../lib/gcc/arm-none-eabi/12.3.1/thumb/v7e-m/nofp\libgcc.a
LOAD C:/ST/STM32CubeIDE_1.17.0/STM32CubeIDE/plugins/com.st.stm32cube.ide.mcu.externaltools.gnu-tools-for-stm32.12.3.rel1.win32_1.1.0.202410251130/tools/bin/../lib/gcc/arm-none-eabi/12.3.1/../../../../arm-none-eabi/lib/thumb/v7e-m/nofp\libc_nano.a
END GROUP
START GROUP
LOAD C:/ST/STM32CubeIDE_1.17.0/STM32CubeIDE/plugins/com.st.stm32cube.ide.mcu.externaltools.gnu-tools-for-stm32.12.3.rel1.win32_1.1.0.202410251130/tools/bin/../lib/gcc/arm-none-eabi/12.3.1/thumb/v7e-m/nofp\libgcc.a
LOAD C:/ST/STM32CubeIDE_1.17.0/STM32CubeIDE/plugins/com.st.stm32cube.ide.mcu.externaltools.gnu-tools-for-stm32.12.3.rel1.win32_1.1.0.202410251130/tools/bin/../lib/gcc/arm-none-eabi/12.3.1/../../../../arm-none-eabi/lib/thumb/v7e-m/nofp\libc_nano.a
LOAD C:/ST/STM32CubeIDE_1.17.0/STM32CubeIDE/plugins/com.st.stm32cube.ide.mcu.externaltools.gnu-tools-for-stm32.12.3.rel1.win32_1.1.0.202410251130/tools/bin/../lib/gcc/arm-none-eabi/12.3.1/../../../../arm-none-eabi/lib/thumb/v7e-m/nofp\libnosys.a
END GROUP
START GROUP
LOAD C:/ST/STM32CubeIDE_1.17.0/STM32CubeIDE/plugins/com.st.stm32cube.ide.mcu.externaltools.gnu-tools-for-stm32.12.3.rel1.win32_1.1.0.202410251130/tools/bin/../lib/gcc/arm-none-eabi/12.3.1/thumb/v7e-m/nofp\libgcc.a
LOAD C:/ST/STM32CubeIDE_1.17.0/STM32CubeIDE/plugins/com.st.stm32cube.ide.mcu.externaltools.gnu-tools-for-stm32.12.3.rel1.win32_1.1.0.202410251130/tools/bin/../lib/gcc/arm-none-eabi/12.3.1/../../../../arm-none-eabi/lib/thumb/v7e-m/nofp\libc_nano.a
LOAD C:/ST/STM32CubeIDE_1.17.0/STM32CubeIDE/plugins/com.st.stm32cube.ide.mcu.externaltools.gnu-tools-for-stm32.12.3.rel1.win32_1.1.0.202410251130/tools/bin/../lib/gcc/arm-none-eabi/12.3.1/../../../../arm-none-eabi/lib/thumb/v7e-m/nofp\libnosys.a
END GROUP
LOAD C:/ST/STM32CubeIDE_1.17.0/STM32CubeIDE/plugins/com.st.stm32cube.ide.mcu.externaltools.gnu-tools-for-stm32.12.3.rel1.win32_1.1.0.202410251130/tools/bin/../lib/gcc/arm-none-eabi/12.3.1/thumb/v7e-m/nofp/crtend.o
LOAD C:/ST/STM32CubeIDE_1.17.0/STM32CubeIDE/plugins/com.st.stm32cube.ide.mcu.externaltools.gnu-tools-for-stm32.12.3.rel1.win32_1.1.0.202410251130/tools/bin/../lib/gcc/arm-none-eabi/12.3.1/thumb/v7e-m/nofp/crtn.o
                0x2001c000                        _estack = (ORIGIN (RAM) + LENGTH (RAM))
                0x00000200                        _Min_Heap_Size = 0x200
                0x00000400                        _Min_Stack_Size = 0x400

.isr_vector     0x08000000      0x1d8
                0x08000000                        . = ALIGN (0x4)
 *(.isr_vector)
 .isr_vector    0x08000000      0x1d8 ./Startup/startup_stm32g491retx.o
                0x08000000                g_pfnVectors
                0x080001d8                        . = ALIGN (0x4)

.text           0x080001d8      0x678
                0x080001d8                        . = ALIGN (0x4)
 *(.text)
 .text          0x080001d8       0x40 C:/ST/STM32CubeIDE_1.17.0/STM32CubeIDE/plugins/com.st.stm32cube.ide.mcu.externaltools.gnu-tools-for-stm32.12.3.rel1.win32_1.1.0.202410251130/tools/bin/../lib/gcc/arm-none-eabi/12.3.1/thumb/v7e-m/nofp/crtbegin.o
 *(.text*)
 .text.delay    0x08000218       0x2c ./Src/LED_BUTTON.o
                0x08000218                delay
 .text.main     0x08000244       0x7c ./Src/LED_BUTTON.o
                0x08000244                main
 .text.Reset_Handler
                0x080002c0       0x50 ./Startup/startup_stm32g491retx.o
                0x080002c0                Reset_Handler
 .text.Default_Handler
                0x08000310        0x2 ./Startup/startup_stm32g491retx.o
                0x08000310                EXTI2_IRQHandler
                0x08000310                TIM8_TRG_COM_IRQHandler
                0x08000310                TIM8_CC_IRQHandler
                0x08000310                DebugMon_Handler
                0x08000310                DMA1_CH4_IRQHandler
                0x08000310                TIM1_CC_IRQHandler
                0x08000310                Cordic_IRQHandler
                0x08000310                HardFault_Handler
                0x08000310                USB_HP_IRQHandler
                0x08000310                SysTick_Handler
                0x08000310                PendSV_Handler
                0x08000310                NMI_Handler
                0x08000310                EXTI3_IRQHandler
                0x08000310                I2C3_ER_IRQHandler
                0x08000310                TIM6_DACUNDER_IRQHandler
                0x08000310                EXTI0_IRQHandler
                0x08000310                I2C2_EV_IRQHandler
                0x08000310                DMA2_CH1_IRQHandler
                0x08000310                FDCAN1_IT1_IRQHandler
                0x08000310                TIM1_UP_TIM16_IRQHandler
                0x08000310                UsageFault_Handler
                0x08000310                ADC1_2_IRQHandler
                0x08000310                SPI1_IRQHandler
                0x08000310                TIM8_UP_IRQHandler
                0x08000310                USBWakeUP_IRQHandler
                0x08000310                RTC_ALARM_IRQHandler
                0x08000310                DMA1_CH6_IRQHandler
                0x08000310                TIM20_TRG_COM_IRQHandler
                0x08000310                USART3_IRQHandler
                0x08000310                LPUART_IRQHandler
                0x08000310                UART5_IRQHandler
                0x08000310                ADC3_IRQHandler
                0x08000310                TIM4_IRQHandler
                0x08000310                I2C1_EV_IRQHandler
                0x08000310                DMA2_CH5_IRQHandler
                0x08000310                UART4_IRQHandler
                0x08000310                DMA1_CH3_IRQHandler
                0x08000310                TIM3_IRQHandler
                0x08000310                RCC_IRQHandler
                0x08000310                TIM20_UP_IRQHandler
                0x08000310                TIM1_TRG_COM_IRQHandler
                0x08000310                Default_Handler
                0x08000310                FMAC_IRQHandler
                0x08000310                EXTI15_10_IRQHandler
                0x08000310                TIM7_IRQHandler
                0x08000310                UCPD1_IRQHandler
                0x08000310                I2C3_EV_IRQHandler
                0x08000310                EXTI9_5_IRQHandler
                0x08000310                DMA1_CH2_IRQHandler
                0x08000310                RTC_WKUP_IRQHandler
                0x08000310                SAI_IRQHandler
                0x08000310                PVD_PVM_IRQHandler
                0x08000310                SPI2_IRQHandler
                0x08000310                DMA1_CH1_IRQHandler
                0x08000310                MemManage_Handler
                0x08000310                SVC_Handler
                0x08000310                CRS_IRQHandler
                0x08000310                USB_LP_IRQHandler
                0x08000310                EXTI4_IRQHandler
                0x08000310                RNG_IRQHandler
                0x08000310                WWDG_IRQHandler
                0x08000310                FDCAN1_IT0_IRQHandler
                0x08000310                TIM2_IRQHandler
                0x08000310                COMP7_IRQHandler
                0x08000310                COMP1_2_3_IRQHandler
                0x08000310                EXTI1_IRQHandler
                0x08000310                USART2_IRQHandler
                0x08000310                COMP4_5_6_IRQHandler
                0x08000310                TIM20_BRK_IRQHandler
                0x08000310                I2C2_ER_IRQHandler
                0x08000310                TIM8_BRK_IRQHandler
                0x08000310                FLASH_IRQHandler
                0x08000310                TIM20_CC_IRQHandler
                0x08000310                BusFault_Handler
                0x08000310                USART1_IRQHandler
                0x08000310                SPI3_IRQHandler
                0x08000310                DMA2_CH6_IRQHandler
                0x08000310                DMA2_CH3_IRQHandler
                0x08000310                DMA2_CH2_IRQHandler
                0x08000310                I2C1_ER_IRQHandler
                0x08000310                DMA1_CH5_IRQHandler
                0x08000310                DMA2_CH4_IRQHandler
                0x08000310                LPTIM1_IRQHandler
                0x08000310                DMAMUX_OVR_IRQHandler
                0x08000310                RTC_TAMP_CSS_LSE_IRQHandler
                0x08000310                TIM1_BRK_TIM15_IRQHandler
 *fill*         0x08000312        0x2 
 .text.GPIO_PCLKControl
                0x08000314      0x170 ./drivers/Src/stm32g491re_gpio_driver.o
                0x08000314                GPIO_PCLKControl
 .text.GPIO_INIT
                0x08000484      0x31c ./drivers/Src/stm32g491re_gpio_driver.o
                0x08000484                GPIO_INIT
 .text.GPIO_ReadFromInputPin
                0x080007a0       0x28 ./drivers/Src/stm32g491re_gpio_driver.o
                0x080007a0                GPIO_ReadFromInputPin
 .text.GPIO_ToggleOutputPin
                0x080007c8       0x28 ./drivers/Src/stm32g491re_gpio_driver.o
                0x080007c8                GPIO_ToggleOutputPin
 .text.__libc_init_array
                0x080007f0       0x48 C:/ST/STM32CubeIDE_1.17.0/STM32CubeIDE/plugins/com.st.stm32cube.ide.mcu.externaltools.gnu-tools-for-stm32.12.3.rel1.win32_1.1.0.202410251130/tools/bin/../lib/gcc/arm-none-eabi/12.3.1/../../../../arm-none-eabi/lib/thumb/v7e-m/nofp\libc_nano.a(libc_a-init.o)
                0x080007f0                __libc_init_array
 *(.glue_7)
 .glue_7        0x08000838        0x0 linker stubs
 *(.glue_7t)
 .glue_7t       0x08000838        0x0 linker stubs
 *(.eh_frame)
 .eh_frame      0x08000838        0x0 C:/ST/STM32CubeIDE_1.17.0/STM32CubeIDE/plugins/com.st.stm32cube.ide.mcu.externaltools.gnu-tools-for-stm32.12.3.rel1.win32_1.1.0.202410251130/tools/bin/../lib/gcc/arm-none-eabi/12.3.1/thumb/v7e-m/nofp/crtbegin.o
 *(.init)
 .init          0x08000838        0x4 C:/ST/STM32CubeIDE_1.17.0/STM32CubeIDE/plugins/com.st.stm32cube.ide.mcu.externaltools.gnu-tools-for-stm32.12.3.rel1.win32_1.1.0.202410251130/tools/bin/../lib/gcc/arm-none-eabi/12.3.1/thumb/v7e-m/nofp/crti.o
                0x08000838                _init
 .init          0x0800083c        0x8 C:/ST/STM32CubeIDE_1.17.0/STM32CubeIDE/plugins/com.st.stm32cube.ide.mcu.externaltools.gnu-tools-for-stm32.12.3.rel1.win32_1.1.0.202410251130/tools/bin/../lib/gcc/arm-none-eabi/12.3.1/thumb/v7e-m/nofp/crtn.o
 *(.fini)
 .fini          0x08000844        0x4 C:/ST/STM32CubeIDE_1.17.0/STM32CubeIDE/plugins/com.st.stm32cube.ide.mcu.externaltools.gnu-tools-for-stm32.12.3.rel1.win32_1.1.0.202410251130/tools/bin/../lib/gcc/arm-none-eabi/12.3.1/thumb/v7e-m/nofp/crti.o
                0x08000844                _fini
 .fini          0x08000848        0x8 C:/ST/STM32CubeIDE_1.17.0/STM32CubeIDE/plugins/com.st.stm32cube.ide.mcu.externaltools.gnu-tools-for-stm32.12.3.rel1.win32_1.1.0.202410251130/tools/bin/../lib/gcc/arm-none-eabi/12.3.1/thumb/v7e-m/nofp/crtn.o
                0x08000850                        . = ALIGN (0x4)
                0x08000850                        _etext = .

.vfp11_veneer   0x08000850        0x0
 .vfp11_veneer  0x08000850        0x0 linker stubs

.v4_bx          0x08000850        0x0
 .v4_bx         0x08000850        0x0 linker stubs

.iplt           0x08000850        0x0
 .iplt          0x08000850        0x0 C:/ST/STM32CubeIDE_1.17.0/STM32CubeIDE/plugins/com.st.stm32cube.ide.mcu.externaltools.gnu-tools-for-stm32.12.3.rel1.win32_1.1.0.202410251130/tools/bin/../lib/gcc/arm-none-eabi/12.3.1/thumb/v7e-m/nofp/crtbegin.o

.rel.dyn        0x08000850        0x0
 .rel.iplt      0x08000850        0x0 C:/ST/STM32CubeIDE_1.17.0/STM32CubeIDE/plugins/com.st.stm32cube.ide.mcu.externaltools.gnu-tools-for-stm32.12.3.rel1.win32_1.1.0.202410251130/tools/bin/../lib/gcc/arm-none-eabi/12.3.1/thumb/v7e-m/nofp/crtbegin.o

.rodata         0x08000850        0x0
                0x08000850                        . = ALIGN (0x4)
 *(.rodata)
 *(.rodata*)
                0x08000850                        . = ALIGN (0x4)

.ARM.extab      0x08000850        0x0
                0x08000850                        . = ALIGN (0x4)
 *(.ARM.extab* .gnu.linkonce.armextab.*)
                0x08000850                        . = ALIGN (0x4)

.ARM            0x08000850        0x0
                0x08000850                        . = ALIGN (0x4)
                0x08000850                        __exidx_start = .
 *(.ARM.exidx*)
                0x08000850                        __exidx_end = .
                0x08000850                        . = ALIGN (0x4)

.preinit_array  0x08000850        0x0
                0x08000850                        . = ALIGN (0x4)
                0x08000850                        PROVIDE (__preinit_array_start = .)
 *(.preinit_array*)
                0x08000850                        PROVIDE (__preinit_array_end = .)
                0x08000850                        . = ALIGN (0x4)

.init_array     0x08000850        0x4
                0x08000850                        . = ALIGN (0x4)
                0x08000850                        PROVIDE (__init_array_start = .)
 *(SORT_BY_NAME(.init_array.*))
 *(.init_array*)
 .init_array    0x08000850        0x4 C:/ST/STM32CubeIDE_1.17.0/STM32CubeIDE/plugins/com.st.stm32cube.ide.mcu.externaltools.gnu-tools-for-stm32.12.3.rel1.win32_1.1.0.202410251130/tools/bin/../lib/gcc/arm-none-eabi/12.3.1/thumb/v7e-m/nofp/crtbegin.o
                0x08000854                        PROVIDE (__init_array_end = .)
                0x08000854                        . = ALIGN (0x4)

.fini_array     0x08000854        0x4
                0x08000854                        . = ALIGN (0x4)
                [!provide]                        PROVIDE (__fini_array_start = .)
 *(SORT_BY_NAME(.fini_array.*))
 *(.fini_array*)
 .fini_array    0x08000854        0x4 C:/ST/STM32CubeIDE_1.17.0/STM32CubeIDE/plugins/com.st.stm32cube.ide.mcu.externaltools.gnu-tools-for-stm32.12.3.rel1.win32_1.1.0.202410251130/tools/bin/../lib/gcc/arm-none-eabi/12.3.1/thumb/v7e-m/nofp/crtbegin.o
                [!provide]                        PROVIDE (__fini_array_end = .)
                0x08000858                        . = ALIGN (0x4)
                0x08000858                        _sidata = LOADADDR (.data)

.data           0x20000000        0x0 load address 0x08000858
                0x20000000                        . = ALIGN (0x4)
                0x20000000                        _sdata = .
 *(.data)
 *(.data*)
 *(.RamFunc)
 *(.RamFunc*)
                0x20000000                        . = ALIGN (0x4)
                0x20000000                        _edata = .
                0x08000858                        _siccmsram = LOADADDR (.ccmsram)

.igot.plt       0x20000000        0x0 load address 0x08000858
 .igot.plt      0x20000000        0x0 C:/ST/STM32CubeIDE_1.17.0/STM32CubeIDE/plugins/com.st.stm32cube.ide.mcu.externaltools.gnu-tools-for-stm32.12.3.rel1.win32_1.1.0.202410251130/tools/bin/../lib/gcc/arm-none-eabi/12.3.1/thumb/v7e-m/nofp/crtbegin.o

.ccmsram        0x10000000        0x0 load address 0x08000858
                0x10000000                        . = ALIGN (0x4)
                0x10000000                        _sccmsram = .
 *(.ccmsram)
 *(.ccmsram*)
                0x10000000                        . = ALIGN (0x4)
                0x10000000                        _eccmsram = .
                0x10000000                        . = ALIGN (0x4)

.bss            0x20000000       0x1c
                0x20000000                        _sbss = .
                0x20000000                        __bss_start__ = _sbss
 *(.bss)
 .bss           0x20000000       0x1c C:/ST/STM32CubeIDE_1.17.0/STM32CubeIDE/plugins/com.st.stm32cube.ide.mcu.externaltools.gnu-tools-for-stm32.12.3.rel1.win32_1.1.0.202410251130/tools/bin/../lib/gcc/arm-none-eabi/12.3.1/thumb/v7e-m/nofp/crtbegin.o
 *(.bss*)
 *(COMMON)
                0x2000001c                        . = ALIGN (0x4)
                0x2000001c                        _ebss = .
                0x2000001c                        __bss_end__ = _ebss

._user_heap_stack
                0x2000001c      0x604
                0x20000020                        . = ALIGN (0x8)
 *fill*         0x2000001c        0x4 
                [!provide]                        PROVIDE (end = .)
                0x20000020                        PROVIDE (_end = .)
                0x20000220                        . = (. + _Min_Heap_Size)
 *fill*         0x20000020      0x200 
                0x20000620                        . = (. + _Min_Stack_Size)
 *fill*         0x20000220      0x400 
                0x20000620                        . = ALIGN (0x8)

/DISCARD/
 libc.a(*)
 libm.a(*)
 libgcc.a(*)

.ARM.attributes
                0x00000000       0x2a
 *(.ARM.attributes)
 .ARM.attributes
                0x00000000       0x1e C:/ST/STM32CubeIDE_1.17.0/STM32CubeIDE/plugins/com.st.stm32cube.ide.mcu.externaltools.gnu-tools-for-stm32.12.3.rel1.win32_1.1.0.202410251130/tools/bin/../lib/gcc/arm-none-eabi/12.3.1/thumb/v7e-m/nofp/crti.o
 .ARM.attributes
                0x0000001e       0x2e C:/ST/STM32CubeIDE_1.17.0/STM32CubeIDE/plugins/com.st.stm32cube.ide.mcu.externaltools.gnu-tools-for-stm32.12.3.rel1.win32_1.1.0.202410251130/tools/bin/../lib/gcc/arm-none-eabi/12.3.1/thumb/v7e-m/nofp/crtbegin.o
 .ARM.attributes
                0x0000004c       0x2e ./Src/LED_BUTTON.o
 .ARM.attributes
                0x0000007a       0x21 ./Startup/startup_stm32g491retx.o
 .ARM.attributes
                0x0000009b       0x2e ./drivers/Src/stm32g491re_gpio_driver.o
 .ARM.attributes
                0x000000c9       0x2e C:/ST/STM32CubeIDE_1.17.0/STM32CubeIDE/plugins/com.st.stm32cube.ide.mcu.externaltools.gnu-tools-for-stm32.12.3.rel1.win32_1.1.0.202410251130/tools/bin/../lib/gcc/arm-none-eabi/12.3.1/../../../../arm-none-eabi/lib/thumb/v7e-m/nofp\libc_nano.a(libc_a-init.o)
 .ARM.attributes
                0x000000f7       0x1e C:/ST/STM32CubeIDE_1.17.0/STM32CubeIDE/plugins/com.st.stm32cube.ide.mcu.externaltools.gnu-tools-for-stm32.12.3.rel1.win32_1.1.0.202410251130/tools/bin/../lib/gcc/arm-none-eabi/12.3.1/thumb/v7e-m/nofp/crtn.o
OUTPUT(stm32g491re_drivers.elf elf32-littlearm)
LOAD linker stubs
LOAD C:/ST/STM32CubeIDE_1.17.0/STM32CubeIDE/plugins/com.st.stm32cube.ide.mcu.externaltools.gnu-tools-for-stm32.12.3.rel1.win32_1.1.0.202410251130/tools/bin/../lib/gcc/arm-none-eabi/12.3.1/../../../../arm-none-eabi/lib/thumb/v7e-m/nofp\libc.a
LOAD C:/ST/STM32CubeIDE_1.17.0/STM32CubeIDE/plugins/com.st.stm32cube.ide.mcu.externaltools.gnu-tools-for-stm32.12.3.rel1.win32_1.1.0.202410251130/tools/bin/../lib/gcc/arm-none-eabi/12.3.1/../../../../arm-none-eabi/lib/thumb/v7e-m/nofp\libm.a
LOAD C:/ST/STM32CubeIDE_1.17.0/STM32CubeIDE/plugins/com.st.stm32cube.ide.mcu.externaltools.gnu-tools-for-stm32.12.3.rel1.win32_1.1.0.202410251130/tools/bin/../lib/gcc/arm-none-eabi/12.3.1/thumb/v7e-m/nofp\libgcc.a

.debug_info     0x00000000      0xa6e
 .debug_info    0x00000000      0x296 ./Src/LED_BUTTON.o
 .debug_info    0x00000296       0x30 ./Startup/startup_stm32g491retx.o
 .debug_info    0x000002c6      0x7a8 ./drivers/Src/stm32g491re_gpio_driver.o

.debug_abbrev   0x00000000      0x2a3
 .debug_abbrev  0x00000000      0x128 ./Src/LED_BUTTON.o
 .debug_abbrev  0x00000128       0x24 ./Startup/startup_stm32g491retx.o
 .debug_abbrev  0x0000014c      0x157 ./drivers/Src/stm32g491re_gpio_driver.o

.debug_aranges  0x00000000       0xc0
 .debug_aranges
                0x00000000       0x28 ./Src/LED_BUTTON.o
 .debug_aranges
                0x00000028       0x28 ./Startup/startup_stm32g491retx.o
 .debug_aranges
                0x00000050       0x70 ./drivers/Src/stm32g491re_gpio_driver.o

.debug_rnglists
                0x00000000       0x85
 .debug_rnglists
                0x00000000       0x19 ./Src/LED_BUTTON.o
 .debug_rnglists
                0x00000019       0x19 ./Startup/startup_stm32g491retx.o
 .debug_rnglists
                0x00000032       0x53 ./drivers/Src/stm32g491re_gpio_driver.o

.debug_line     0x00000000      0xced
 .debug_line    0x00000000      0x2e7 ./Src/LED_BUTTON.o
 .debug_line    0x000002e7       0x7b ./Startup/startup_stm32g491retx.o
 .debug_line    0x00000362      0x98b ./drivers/Src/stm32g491re_gpio_driver.o

.debug_str      0x00000000     0x629d
 .debug_str     0x00000000      0x226 ./Src/LED_BUTTON.o
                                0x2bb (size before relaxing)
 .debug_str     0x00000226       0x3f ./Startup/startup_stm32g491retx.o
                                 0x70 (size before relaxing)
 .debug_str     0x00000265     0x6038 ./drivers/Src/stm32g491re_gpio_driver.o
                               0x630f (size before relaxing)

.comment        0x00000000       0x43
 .comment       0x00000000       0x43 ./Src/LED_BUTTON.o
                                 0x44 (size before relaxing)
 .comment       0x00000043       0x44 ./drivers/Src/stm32g491re_gpio_driver.o

.debug_frame    0x00000000      0x24c
 .debug_frame   0x00000000       0x58 ./Src/LED_BUTTON.o
 .debug_frame   0x00000058      0x1c8 ./drivers/Src/stm32g491re_gpio_driver.o
 .debug_frame   0x00000220       0x2c C:/ST/STM32CubeIDE_1.17.0/STM32CubeIDE/plugins/com.st.stm32cube.ide.mcu.externaltools.gnu-tools-for-stm32.12.3.rel1.win32_1.1.0.202410251130/tools/bin/../lib/gcc/arm-none-eabi/12.3.1/../../../../arm-none-eabi/lib/thumb/v7e-m/nofp\libc_nano.a(libc_a-init.o)

.debug_line_str
                0x00000000       0x54
 .debug_line_str
                0x00000000       0x54 ./Startup/startup_stm32g491retx.o

.debug_macro    0x00000000      0xd7d
 .debug_macro   0x00000000       0x85 ./drivers/Src/stm32g491re_gpio_driver.o
 .debug_macro   0x00000085       0x22 ./drivers/Src/stm32g491re_gpio_driver.o
 .debug_macro   0x000000a7       0x8e ./drivers/Src/stm32g491re_gpio_driver.o
 .debug_macro   0x00000135       0x51 ./drivers/Src/stm32g491re_gpio_driver.o
 .debug_macro   0x00000186      0x103 ./drivers/Src/stm32g491re_gpio_driver.o
 .debug_macro   0x00000289       0x6a ./drivers/Src/stm32g491re_gpio_driver.o
 .debug_macro   0x000002f3      0x1df ./drivers/Src/stm32g491re_gpio_driver.o
 .debug_macro   0x000004d2      0x847 ./drivers/Src/stm32g491re_gpio_driver.o
 .debug_macro   0x00000d19       0x64 ./drivers/Src/stm32g491re_gpio_driver.o
